=== candidate round: EXP-0003-buffers-on (EXP-0003-static-buffers) ===
Fri Oct  2 19:39:42 UTC 2026
TREE=/workspace/exp/builds/cand-series-0001-0002 ENV=exllamav3 PROFILES=SS,SM,SL,MS,MM,ML,LS,LM,LL
--- PRADIUM_BUILD.json ---
{
  "upstream": "https://github.com/turboderp-org/exllamav3",
  "upstream_commit": "d3739fd393337b1ff4d6c2a342b12f0c87a9592f",
  "patches": [
    {
      "name": "0001-cache-graph-replay-bindings.patch",
      "sha256": "aa790deaca20c3eea25fe6bb3da796249d1daa72c384226208c506ec035b4ad1"
    },
    {
      "name": "0002-direct-single-request-attention.patch",
      "sha256": "b0f4c05532d9590706bf678b32f86cfd39a6e2b24fd1a448b029a3b79554b143"
    }
  ],
  "gpu_validated": false
}

--- matrix (core workloads: SS,SM,SL,MS,MM,ML,LS,LM,LL) ---
COMMAND: run_matrix env=exllamav3 pythonpath_prefix=/workspace/exp/builds/cand-series-0001-0002 profiles=SS,SM,SL,MS,MM,ML,LS,LM,LL
ENV: EXL3_DECODE_BUFFER_REUSE=1
ENV: EXL3_PRADIUM_DIRECT_ATTN_MAX_TOKENS=4097
session: /workspace/exp/pradium/experiments/EXP-0003-static-buffers/results/EXP-0003-buffers-on/session/20261002-193947_exllamav3_official_c29edd
raw records: 117
SUITE_EXIT=0
SESSION=/workspace/exp/pradium/experiments/EXP-0003-static-buffers/results/EXP-0003-buffers-on/session/20261002-193947_exllamav3_official_c29edd/

--- decode profiles ---
SKIP_PROFILES=1: matrix-only round (decision metric); profiles run separately

--- correctness: greedy token IDs vs frozen official matrix session ---
| profile | identical | diverged | missing |
|---|---|---|---|
| LL | 0 | 13 | 0 |
| LM | 0 | 13 | 0 |
| LS | 13 | 0 | 0 |
| ML | 0 | 13 | 0 |
| MM | 13 | 0 | 0 |
| MS | 0 | 13 | 0 |
| SL | 13 | 0 | 0 |
| SM | 0 | 13 | 0 |
| SS | 13 | 0 | 0 |
| **total** | 52 | 65 | 0 |
DIVERGENCE LL run=0 warmup=False len 1024->1024 first_diff=28
  baseline : [2510, 3559, 401, 26269, 33, 38775, 33, 4448, 3634, 220, 34, 4183, 34997, 242, 978, 107, 38, 36, 74295, 85, 3604, 2774, 20046, 10357, 33, 28473, 8013, 33, 75712, 220, 34, 4183]
  candidate: [2510, 3559, 401, 26269, 33, 38775, 33, 4448, 3634, 220, 34, 4183, 34997, 242, 978, 107, 38, 36, 74295, 85, 3604, 2774, 20046, 10357, 33, 28473, 8013, 33, 845, 17027, 220, 34]
DIVERGENCE LL run=0 warmup=True len 1024->1024 first_diff=28
  baseline : [2510, 3559, 401, 26269, 33, 38775, 33, 4448, 3634, 220, 34, 4183, 34997, 242, 978, 107, 38, 36, 74295, 85, 3604, 2774, 20046, 10357, 33, 28473, 8013, 33, 75712, 220, 34, 4183]
  candidate: [2510, 3559, 401, 26269, 33, 38775, 33, 4448, 3634, 220, 34, 4183, 34997, 242, 978, 107, 38, 36, 74295, 85, 3604, 2774, 20046, 10357, 33, 28473, 8013, 33, 845, 17027, 220, 34]
DIVERGENCE LL run=1 warmup=False len 1024->1024 first_diff=28
  baseline : [2510, 3559, 401, 26269, 33, 38775, 33, 4448, 3634, 220, 34, 4183, 34997, 242, 978, 107, 38, 36, 74295, 85, 3604, 2774, 20046, 10357, 33, 28473, 8013, 33, 75712, 220, 34, 4183]
  candidate: [2510, 3559, 401, 26269, 33, 38775, 33, 4448, 3634, 220, 34, 4183, 34997, 242, 978, 107, 38, 36, 74295, 85, 3604, 2774, 20046, 10357, 33, 28473, 8013, 33, 845, 17027, 220, 34]
DIVERGENCE LL run=1 warmup=True len 1024->1024 first_diff=28
  baseline : [2510, 3559, 401, 26269, 33, 38775, 33, 4448, 3634, 220, 34, 4183, 34997, 242, 978, 107, 38, 36, 74295, 85, 3604, 2774, 20046, 10357, 33, 28473, 8013, 33, 75712, 220, 34, 4183]
  candidate: [2510, 3559, 401, 26269, 33, 38775, 33, 4448, 3634, 220, 34, 4183, 34997, 242, 978, 107, 38, 36, 74295, 85, 3604, 2774, 20046, 10357, 33, 28473, 8013, 33, 845, 17027, 220, 34]
DIVERGENCE LL run=2 warmup=False len 1024->1024 first_diff=28
  baseline : [2510, 3559, 401, 26269, 33, 38775, 33, 4448, 3634, 220, 34, 4183, 34997, 242, 978, 107, 38, 36, 74295, 85, 3604, 2774, 20046, 10357, 33, 28473, 8013, 33, 75712, 220, 34, 4183]
  candidate: [2510, 3559, 401, 26269, 33, 38775, 33, 4448, 3634, 220, 34, 4183, 34997, 242, 978, 107, 38, 36, 74295, 85, 3604, 2774, 20046, 10357, 33, 28473, 8013, 33, 845, 17027, 220, 34]
DIVERGENCE LL run=2 warmup=True len 1024->1024 first_diff=28
  baseline : [2510, 3559, 401, 26269, 33, 38775, 33, 4448, 3634, 220, 34, 4183, 34997, 242, 978, 107, 38, 36, 74295, 85, 3604, 2774, 20046, 10357, 33, 28473, 8013, 33, 75712, 220, 34, 4183]
  candidate: [2510, 3559, 401, 26269, 33, 38775, 33, 4448, 3634, 220, 34, 4183, 34997, 242, 978, 107, 38, 36, 74295, 85, 3604, 2774, 20046, 10357, 33, 28473, 8013, 33, 845, 17027, 220, 34]
DIVERGENCE LL run=3 warmup=False len 1024->1024 first_diff=28
  baseline : [2510, 3559, 401, 26269, 33, 38775, 33, 4448, 3634, 220, 34, 4183, 34997, 242, 978, 107, 38, 36, 74295, 85, 3604, 2774, 20046, 10357, 33, 28473, 8013, 33, 75712, 220, 34, 4183]
  candidate: [2510, 3559, 401, 26269, 33, 38775, 33, 4448, 3634, 220, 34, 4183, 34997, 242, 978, 107, 38, 36, 74295, 85, 3604, 2774, 20046, 10357, 33, 28473, 8013, 33, 845, 17027, 220, 34]
DIVERGENCE LL run=4 warmup=False len 1024->1024 first_diff=28
  baseline : [2510, 3559, 401, 26269, 33, 38775, 33, 4448, 3634, 220, 34, 4183, 34997, 242, 978, 107, 38, 36, 74295, 85, 3604, 2774, 20046, 10357, 33, 28473, 8013, 33, 75712, 220, 34, 4183]
  candidate: [2510, 3559, 401, 26269, 33, 38775, 33, 4448, 3634, 220, 34, 4183, 34997, 242, 978, 107, 38, 36, 74295, 85, 3604, 2774, 20046, 10357, 33, 28473, 8013, 33, 845, 17027, 220, 34]
DIVERGENCE LL run=5 warmup=False len 1024->1024 first_diff=28
  baseline : [2510, 3559, 401, 26269, 33, 38775, 33, 4448, 3634, 220, 34, 4183, 34997, 242, 978, 107, 38, 36, 74295, 85, 3604, 2774, 20046, 10357, 33, 28473, 8013, 33, 75712, 220, 34, 4183]
  candidate: [2510, 3559, 401, 26269, 33, 38775, 33, 4448, 3634, 220, 34, 4183, 34997, 242, 978, 107, 38, 36, 74295, 85, 3604, 2774, 20046, 10357, 33, 28473, 8013, 33, 845, 17027, 220, 34]
DIVERGENCE LL run=6 warmup=False len 1024->1024 first_diff=28
  baseline : [2510, 3559, 401, 26269, 33, 38775, 33, 4448, 3634, 220, 34, 4183, 34997, 242, 978, 107, 38, 36, 74295, 85, 3604, 2774, 20046, 10357, 33, 28473, 8013, 33, 75712, 220, 34, 4183]
  candidate: [2510, 3559, 401, 26269, 33, 38775, 33, 4448, 3634, 220, 34, 4183, 34997, 242, 978, 107, 38, 36, 74295, 85, 3604, 2774, 20046, 10357, 33, 28473, 8013, 33, 845, 17027, 220, 34]
CORRECTNESS_EXIT=1

--- decode summary ---
usage: summarize_profiles.py <profile-*.json | glob> ...

=== round done ===
Fri Oct  2 19:54:48 UTC 2026
